[0.564s] Invoking command in '/home/logan/ros2_ws/src/fsm_talker': DEBUGINFOD_URLS=https://debuginfod.ubuntu.com PYTHONPATH=/home/logan/ros2_ws/src/build/fsm_talker/prefix_override:/usr/lib/python3/dist-packages/colcon_core/task/python/colcon_distutils_commands:/home/logan/ros2_ws/src/install/fsm_talker/lib/python3.12/site-packages:${PYTHONPATH} /usr/bin/python3 -W ignore:setup.py install is deprecated -W ignore:easy_install command is deprecated setup.py egg_info --egg-base ../build/fsm_talker build --build-base /home/logan/ros2_ws/src/build/fsm_talker/build install --record /home/logan/ros2_ws/src/build/fsm_talker/install.log --single-version-externally-managed install_data
[0.721s] running egg_info
[0.732s] writing ../build/fsm_talker/fsm_talker.egg-info/PKG-INFO
[0.732s] writing dependency_links to ../build/fsm_talker/fsm_talker.egg-info/dependency_links.txt
[0.732s] writing entry points to ../build/fsm_talker/fsm_talker.egg-info/entry_points.txt
[0.733s] writing requirements to ../build/fsm_talker/fsm_talker.egg-info/requires.txt
[0.733s] writing top-level names to ../build/fsm_talker/fsm_talker.egg-info/top_level.txt
[0.754s] reading manifest file '../build/fsm_talker/fsm_talker.egg-info/SOURCES.txt'
[0.754s] writing manifest file '../build/fsm_talker/fsm_talker.egg-info/SOURCES.txt'
[0.754s] running build
[0.754s] running build_py
[0.755s] running install
[0.759s] running install_lib
[0.768s] running install_data
[0.768s] running install_egg_info
[0.780s] removing '/home/logan/ros2_ws/src/install/fsm_talker/lib/python3.12/site-packages/fsm_talker-0.0.0-py3.12.egg-info' (and everything under it)
[0.780s] Copying ../build/fsm_talker/fsm_talker.egg-info to /home/logan/ros2_ws/src/install/fsm_talker/lib/python3.12/site-packages/fsm_talker-0.0.0-py3.12.egg-info
[0.781s] running install_scripts
[0.853s] Installing fsm_talker script to /home/logan/ros2_ws/src/install/fsm_talker/lib/fsm_talker
[0.853s] writing list of installed files to '/home/logan/ros2_ws/src/build/fsm_talker/install.log'
[0.870s] Invoked command in '/home/logan/ros2_ws/src/fsm_talker' returned '0': DEBUGINFOD_URLS=https://debuginfod.ubuntu.com PYTHONPATH=/home/logan/ros2_ws/src/build/fsm_talker/prefix_override:/usr/lib/python3/dist-packages/colcon_core/task/python/colcon_distutils_commands:/home/logan/ros2_ws/src/install/fsm_talker/lib/python3.12/site-packages:${PYTHONPATH} /usr/bin/python3 -W ignore:setup.py install is deprecated -W ignore:easy_install command is deprecated setup.py egg_info --egg-base ../build/fsm_talker build --build-base /home/logan/ros2_ws/src/build/fsm_talker/build install --record /home/logan/ros2_ws/src/build/fsm_talker/install.log --single-version-externally-managed install_data
