[0.918s] Invoking command in '/home/logan/ros2_ws/src/fsm_listener': DEBUGINFOD_URLS=https://debuginfod.ubuntu.com PYTHONPATH=/home/logan/ros2_ws/src/build/fsm_listener/prefix_override:/usr/lib/python3/dist-packages/colcon_core/task/python/colcon_distutils_commands:/home/logan/ros2_ws/src/install/fsm_listener/lib/python3.12/site-packages:${PYTHONPATH} /usr/bin/python3 -W ignore:setup.py install is deprecated -W ignore:easy_install command is deprecated setup.py egg_info --egg-base ../build/fsm_listener build --build-base /home/logan/ros2_ws/src/build/fsm_listener/build install --record /home/logan/ros2_ws/src/build/fsm_listener/install.log --single-version-externally-managed install_data
[1.059s] running egg_info
[1.069s] writing ../build/fsm_listener/fsm_listener.egg-info/PKG-INFO
[1.069s] writing dependency_links to ../build/fsm_listener/fsm_listener.egg-info/dependency_links.txt
[1.069s] writing entry points to ../build/fsm_listener/fsm_listener.egg-info/entry_points.txt
[1.069s] writing requirements to ../build/fsm_listener/fsm_listener.egg-info/requires.txt
[1.069s] writing top-level names to ../build/fsm_listener/fsm_listener.egg-info/top_level.txt
[1.088s] reading manifest file '../build/fsm_listener/fsm_listener.egg-info/SOURCES.txt'
[1.089s] writing manifest file '../build/fsm_listener/fsm_listener.egg-info/SOURCES.txt'
[1.089s] running build
[1.090s] running build_py
[1.090s] running install
[1.094s] running install_lib
[1.103s] running install_data
[1.103s] running install_egg_info
[1.114s] removing '/home/logan/ros2_ws/src/install/fsm_listener/lib/python3.12/site-packages/fsm_listener-0.0.0-py3.12.egg-info' (and everything under it)
[1.114s] Copying ../build/fsm_listener/fsm_listener.egg-info to /home/logan/ros2_ws/src/install/fsm_listener/lib/python3.12/site-packages/fsm_listener-0.0.0-py3.12.egg-info
[1.115s] running install_scripts
[1.187s] Installing fsm_listener script to /home/logan/ros2_ws/src/install/fsm_listener/lib/fsm_listener
[1.187s] writing list of installed files to '/home/logan/ros2_ws/src/build/fsm_listener/install.log'
[1.203s] Invoked command in '/home/logan/ros2_ws/src/fsm_listener' returned '0': DEBUGINFOD_URLS=https://debuginfod.ubuntu.com PYTHONPATH=/home/logan/ros2_ws/src/build/fsm_listener/prefix_override:/usr/lib/python3/dist-packages/colcon_core/task/python/colcon_distutils_commands:/home/logan/ros2_ws/src/install/fsm_listener/lib/python3.12/site-packages:${PYTHONPATH} /usr/bin/python3 -W ignore:setup.py install is deprecated -W ignore:easy_install command is deprecated setup.py egg_info --egg-base ../build/fsm_listener build --build-base /home/logan/ros2_ws/src/build/fsm_listener/build install --record /home/logan/ros2_ws/src/build/fsm_listener/install.log --single-version-externally-managed install_data
