[0.794s] Invoking command in '/home/logan/ros2_ws/src/fsm_listener': DEBUGINFOD_URLS=https://debuginfod.ubuntu.com PYTHONPATH=/home/logan/ros2_ws/src/build/fsm_listener/prefix_override:/usr/lib/python3/dist-packages/colcon_core/task/python/colcon_distutils_commands:/home/logan/ros2_ws/src/install/fsm_listener/lib/python3.12/site-packages:${PYTHONPATH} /usr/bin/python3 -W ignore:setup.py install is deprecated -W ignore:easy_install command is deprecated setup.py egg_info --egg-base ../build/fsm_listener build --build-base /home/logan/ros2_ws/src/build/fsm_listener/build install --record /home/logan/ros2_ws/src/build/fsm_listener/install.log --single-version-externally-managed install_data
[0.941s] running egg_info
[0.941s] creating ../build/fsm_listener/fsm_listener.egg-info
[0.950s] writing ../build/fsm_listener/fsm_listener.egg-info/PKG-INFO
[0.951s] writing dependency_links to ../build/fsm_listener/fsm_listener.egg-info/dependency_links.txt
[0.951s] writing entry points to ../build/fsm_listener/fsm_listener.egg-info/entry_points.txt
[0.951s] writing requirements to ../build/fsm_listener/fsm_listener.egg-info/requires.txt
[0.951s] writing top-level names to ../build/fsm_listener/fsm_listener.egg-info/top_level.txt
[0.951s] writing manifest file '../build/fsm_listener/fsm_listener.egg-info/SOURCES.txt'
[0.969s] reading manifest file '../build/fsm_listener/fsm_listener.egg-info/SOURCES.txt'
[0.969s] writing manifest file '../build/fsm_listener/fsm_listener.egg-info/SOURCES.txt'
[0.969s] running build
[0.970s] running build_py
[0.970s] creating /home/logan/ros2_ws/src/build/fsm_listener/build
[0.970s] creating /home/logan/ros2_ws/src/build/fsm_listener/build/lib
[0.970s] creating /home/logan/ros2_ws/src/build/fsm_listener/build/lib/fsm_listener
[0.970s] copying fsm_listener/__init__.py -> /home/logan/ros2_ws/src/build/fsm_listener/build/lib/fsm_listener
[0.970s] copying fsm_listener/fsm_listener.py -> /home/logan/ros2_ws/src/build/fsm_listener/build/lib/fsm_listener
[0.972s] running install
[0.975s] running install_lib
[0.984s] creating /home/logan/ros2_ws/src/install/fsm_listener/lib/python3.12/site-packages/fsm_listener
[0.984s] copying /home/logan/ros2_ws/src/build/fsm_listener/build/lib/fsm_listener/__init__.py -> /home/logan/ros2_ws/src/install/fsm_listener/lib/python3.12/site-packages/fsm_listener
[0.984s] copying /home/logan/ros2_ws/src/build/fsm_listener/build/lib/fsm_listener/fsm_listener.py -> /home/logan/ros2_ws/src/install/fsm_listener/lib/python3.12/site-packages/fsm_listener
[0.984s] byte-compiling /home/logan/ros2_ws/src/install/fsm_listener/lib/python3.12/site-packages/fsm_listener/__init__.py to __init__.cpython-312.pyc
[0.985s] byte-compiling /home/logan/ros2_ws/src/install/fsm_listener/lib/python3.12/site-packages/fsm_listener/fsm_listener.py to fsm_listener.cpython-312.pyc
[0.985s] running install_data
[0.986s] creating /home/logan/ros2_ws/src/install/fsm_listener/share/ament_index
[0.986s] creating /home/logan/ros2_ws/src/install/fsm_listener/share/ament_index/resource_index
[0.986s] creating /home/logan/ros2_ws/src/install/fsm_listener/share/ament_index/resource_index/packages
[0.986s] copying resource/fsm_listener -> /home/logan/ros2_ws/src/install/fsm_listener/share/ament_index/resource_index/packages
[0.986s] copying package.xml -> /home/logan/ros2_ws/src/install/fsm_listener/share/fsm_listener
[0.986s] running install_egg_info
[0.996s] Copying ../build/fsm_listener/fsm_listener.egg-info to /home/logan/ros2_ws/src/install/fsm_listener/lib/python3.12/site-packages/fsm_listener-0.0.0-py3.12.egg-info
[0.997s] running install_scripts
[1.065s] Installing fsm_listener script to /home/logan/ros2_ws/src/install/fsm_listener/lib/fsm_listener
[1.066s] writing list of installed files to '/home/logan/ros2_ws/src/build/fsm_listener/install.log'
[1.082s] Invoked command in '/home/logan/ros2_ws/src/fsm_listener' returned '0': DEBUGINFOD_URLS=https://debuginfod.ubuntu.com PYTHONPATH=/home/logan/ros2_ws/src/build/fsm_listener/prefix_override:/usr/lib/python3/dist-packages/colcon_core/task/python/colcon_distutils_commands:/home/logan/ros2_ws/src/install/fsm_listener/lib/python3.12/site-packages:${PYTHONPATH} /usr/bin/python3 -W ignore:setup.py install is deprecated -W ignore:easy_install command is deprecated setup.py egg_info --egg-base ../build/fsm_listener build --build-base /home/logan/ros2_ws/src/build/fsm_listener/build install --record /home/logan/ros2_ws/src/build/fsm_listener/install.log --single-version-externally-managed install_data
