[0.107s] DEBUG:colcon:Command line arguments: ['/usr/bin/colcon', 'build']
[0.107s] DEBUG:colcon:Parsed command line arguments: Namespace(log_base=None, log_level=None, verb_name='build', build_base='build', install_base='install', merge_install=False, symlink_install=False, test_result_base=None, continue_on_error=False, executor='parallel', parallel_workers=24, event_handlers=None, ignore_user_meta=False, metas=['./colcon.meta'], base_paths=['.'], packages_ignore=None, packages_ignore_regex=None, paths=None, packages_up_to=None, packages_up_to_regex=None, packages_above=None, packages_above_and_dependencies=None, packages_above_depth=None, packages_select_by_dep=None, packages_skip_by_dep=None, packages_skip_up_to=None, packages_select_build_failed=False, packages_skip_build_finished=False, packages_select_test_failures=False, packages_skip_test_passed=False, packages_select=None, packages_skip=None, packages_select_regex=None, packages_skip_regex=None, packages_start=None, packages_end=None, cmake_args=None, cmake_target=None, cmake_target_skip_unavailable=False, cmake_clean_cache=False, cmake_clean_first=False, cmake_force_configure=False, ament_cmake_args=None, catkin_cmake_args=None, catkin_skip_building_tests=False, verb_parser=<colcon_defaults.argument_parser.defaults.DefaultArgumentsDecorator object at 0x726b64215eb0>, verb_extension=<colcon_core.verb.build.BuildVerb object at 0x726b64332ab0>, main=<bound method BuildVerb.main of <colcon_core.verb.build.BuildVerb object at 0x726b64332ab0>>)
[0.130s] Level 1:colcon.colcon_core.package_discovery:discover_packages(colcon_meta) check parameters
[0.130s] Level 1:colcon.colcon_core.package_discovery:discover_packages(recursive) check parameters
[0.130s] Level 1:colcon.colcon_core.package_discovery:discover_packages(ignore) check parameters
[0.130s] Level 1:colcon.colcon_core.package_discovery:discover_packages(path) check parameters
[0.130s] Level 1:colcon.colcon_core.package_discovery:discover_packages(colcon_meta) discover
[0.130s] Level 1:colcon.colcon_core.package_discovery:discover_packages(recursive) discover
[0.130s] INFO:colcon.colcon_core.package_discovery:Crawling recursively for packages in '/home/logan/ros2_ws/src'
[0.130s] Level 1:colcon.colcon_core.package_identification:_identify(.) by extensions ['ignore', 'ignore_ament_install']
[0.130s] Level 1:colcon.colcon_core.package_identification:_identify(.) by extension 'ignore'
[0.130s] Level 1:colcon.colcon_core.package_identification:_identify(.) by extension 'ignore_ament_install'
[0.130s] Level 1:colcon.colcon_core.package_identification:_identify(.) by extensions ['colcon_pkg']
[0.130s] Level 1:colcon.colcon_core.package_identification:_identify(.) by extension 'colcon_pkg'
[0.130s] Level 1:colcon.colcon_core.package_identification:_identify(.) by extensions ['colcon_meta']
[0.131s] Level 1:colcon.colcon_core.package_identification:_identify(.) by extension 'colcon_meta'
[0.131s] Level 1:colcon.colcon_core.package_identification:_identify(.) by extensions ['ros']
[0.131s] Level 1:colcon.colcon_core.package_identification:_identify(.) by extension 'ros'
[0.146s] Level 1:colcon.colcon_core.package_identification:_identify(.) by extensions ['cmake', 'python']
[0.146s] Level 1:colcon.colcon_core.package_identification:_identify(.) by extension 'cmake'
[0.146s] Level 1:colcon.colcon_core.package_identification:_identify(.) by extension 'python'
[0.146s] Level 1:colcon.colcon_core.package_identification:_identify(.) by extensions ['python_setup_py']
[0.146s] Level 1:colcon.colcon_core.package_identification:_identify(.) by extension 'python_setup_py'
[0.146s] Level 1:colcon.colcon_core.package_identification:_identify(build) by extensions ['ignore', 'ignore_ament_install']
[0.146s] Level 1:colcon.colcon_core.package_identification:_identify(build) by extension 'ignore'
[0.146s] Level 1:colcon.colcon_core.package_identification:_identify(build) ignored
[0.146s] Level 1:colcon.colcon_core.package_identification:_identify(fsm_listener) by extensions ['ignore', 'ignore_ament_install']
[0.146s] Level 1:colcon.colcon_core.package_identification:_identify(fsm_listener) by extension 'ignore'
[0.146s] Level 1:colcon.colcon_core.package_identification:_identify(fsm_listener) by extension 'ignore_ament_install'
[0.146s] Level 1:colcon.colcon_core.package_identification:_identify(fsm_listener) by extensions ['colcon_pkg']
[0.146s] Level 1:colcon.colcon_core.package_identification:_identify(fsm_listener) by extension 'colcon_pkg'
[0.146s] Level 1:colcon.colcon_core.package_identification:_identify(fsm_listener) by extensions ['colcon_meta']
[0.146s] Level 1:colcon.colcon_core.package_identification:_identify(fsm_listener) by extension 'colcon_meta'
[0.146s] Level 1:colcon.colcon_core.package_identification:_identify(fsm_listener) by extensions ['ros']
[0.146s] Level 1:colcon.colcon_core.package_identification:_identify(fsm_listener) by extension 'ros'
[0.148s] DEBUG:colcon.colcon_core.package_identification:Package 'fsm_listener' with type 'ros.ament_python' and name 'fsm_listener'
[0.148s] Level 1:colcon.colcon_core.package_identification:_identify(fsm_talker) by extensions ['ignore', 'ignore_ament_install']
[0.148s] Level 1:colcon.colcon_core.package_identification:_identify(fsm_talker) by extension 'ignore'
[0.148s] Level 1:colcon.colcon_core.package_identification:_identify(fsm_talker) by extension 'ignore_ament_install'
[0.148s] Level 1:colcon.colcon_core.package_identification:_identify(fsm_talker) by extensions ['colcon_pkg']
[0.148s] Level 1:colcon.colcon_core.package_identification:_identify(fsm_talker) by extension 'colcon_pkg'
[0.148s] Level 1:colcon.colcon_core.package_identification:_identify(fsm_talker) by extensions ['colcon_meta']
[0.148s] Level 1:colcon.colcon_core.package_identification:_identify(fsm_talker) by extension 'colcon_meta'
[0.148s] Level 1:colcon.colcon_core.package_identification:_identify(fsm_talker) by extensions ['ros']
[0.148s] Level 1:colcon.colcon_core.package_identification:_identify(fsm_talker) by extension 'ros'
[0.149s] DEBUG:colcon.colcon_core.package_identification:Package 'fsm_talker' with type 'ros.ament_python' and name 'fsm_talker'
[0.149s] Level 1:colcon.colcon_core.package_identification:_identify(install) by extensions ['ignore', 'ignore_ament_install']
[0.149s] Level 1:colcon.colcon_core.package_identification:_identify(install) by extension 'ignore'
[0.149s] Level 1:colcon.colcon_core.package_identification:_identify(install) ignored
[0.149s] Level 1:colcon.colcon_core.package_identification:_identify(log) by extensions ['ignore', 'ignore_ament_install']
[0.149s] Level 1:colcon.colcon_core.package_identification:_identify(log) by extension 'ignore'
[0.149s] Level 1:colcon.colcon_core.package_identification:_identify(log) ignored
[0.149s] Level 1:colcon.colcon_core.package_discovery:discover_packages(recursive) using defaults
[0.149s] Level 1:colcon.colcon_core.package_discovery:discover_packages(ignore) discover
[0.149s] Level 1:colcon.colcon_core.package_discovery:discover_packages(ignore) using defaults
[0.149s] Level 1:colcon.colcon_core.package_discovery:discover_packages(path) discover
[0.149s] Level 1:colcon.colcon_core.package_discovery:discover_packages(path) using defaults
[0.160s] Level 5:colcon.colcon_core.verb:set package 'fsm_listener' build argument 'cmake_args' from command line to 'None'
[0.160s] Level 5:colcon.colcon_core.verb:set package 'fsm_listener' build argument 'cmake_target' from command line to 'None'
[0.160s] Level 5:colcon.colcon_core.verb:set package 'fsm_listener' build argument 'cmake_target_skip_unavailable' from command line to 'False'
[0.160s] Level 5:colcon.colcon_core.verb:set package 'fsm_listener' build argument 'cmake_clean_cache' from command line to 'False'
[0.160s] Level 5:colcon.colcon_core.verb:set package 'fsm_listener' build argument 'cmake_clean_first' from command line to 'False'
[0.160s] Level 5:colcon.colcon_core.verb:set package 'fsm_listener' build argument 'cmake_force_configure' from command line to 'False'
[0.160s] Level 5:colcon.colcon_core.verb:set package 'fsm_listener' build argument 'ament_cmake_args' from command line to 'None'
[0.160s] Level 5:colcon.colcon_core.verb:set package 'fsm_listener' build argument 'catkin_cmake_args' from command line to 'None'
[0.160s] Level 5:colcon.colcon_core.verb:set package 'fsm_listener' build argument 'catkin_skip_building_tests' from command line to 'False'
[0.160s] DEBUG:colcon.colcon_core.verb:Building package 'fsm_listener' with the following arguments: {'ament_cmake_args': None, 'build_base': '/home/logan/ros2_ws/src/build/fsm_listener', 'catkin_cmake_args': None, 'catkin_skip_building_tests': False, 'cmake_args': None, 'cmake_clean_cache': False, 'cmake_clean_first': False, 'cmake_force_configure': False, 'cmake_target': None, 'cmake_target_skip_unavailable': False, 'install_base': '/home/logan/ros2_ws/src/install/fsm_listener', 'merge_install': False, 'path': '/home/logan/ros2_ws/src/fsm_listener', 'symlink_install': False, 'test_result_base': None}
[0.160s] Level 5:colcon.colcon_core.verb:set package 'fsm_talker' build argument 'cmake_args' from command line to 'None'
[0.160s] Level 5:colcon.colcon_core.verb:set package 'fsm_talker' build argument 'cmake_target' from command line to 'None'
[0.160s] Level 5:colcon.colcon_core.verb:set package 'fsm_talker' build argument 'cmake_target_skip_unavailable' from command line to 'False'
[0.160s] Level 5:colcon.colcon_core.verb:set package 'fsm_talker' build argument 'cmake_clean_cache' from command line to 'False'
[0.160s] Level 5:colcon.colcon_core.verb:set package 'fsm_talker' build argument 'cmake_clean_first' from command line to 'False'
[0.160s] Level 5:colcon.colcon_core.verb:set package 'fsm_talker' build argument 'cmake_force_configure' from command line to 'False'
[0.160s] Level 5:colcon.colcon_core.verb:set package 'fsm_talker' build argument 'ament_cmake_args' from command line to 'None'
[0.160s] Level 5:colcon.colcon_core.verb:set package 'fsm_talker' build argument 'catkin_cmake_args' from command line to 'None'
[0.160s] Level 5:colcon.colcon_core.verb:set package 'fsm_talker' build argument 'catkin_skip_building_tests' from command line to 'False'
[0.160s] DEBUG:colcon.colcon_core.verb:Building package 'fsm_talker' with the following arguments: {'ament_cmake_args': None, 'build_base': '/home/logan/ros2_ws/src/build/fsm_talker', 'catkin_cmake_args': None, 'catkin_skip_building_tests': False, 'cmake_args': None, 'cmake_clean_cache': False, 'cmake_clean_first': False, 'cmake_force_configure': False, 'cmake_target': None, 'cmake_target_skip_unavailable': False, 'install_base': '/home/logan/ros2_ws/src/install/fsm_talker', 'merge_install': False, 'path': '/home/logan/ros2_ws/src/fsm_talker', 'symlink_install': False, 'test_result_base': None}
[0.160s] INFO:colcon.colcon_core.executor:Executing jobs using 'parallel' executor
[0.161s] DEBUG:colcon.colcon_parallel_executor.executor.parallel:run_until_complete
[0.161s] INFO:colcon.colcon_ros.task.ament_python.build:Building ROS package in '/home/logan/ros2_ws/src/fsm_listener' with build type 'ament_python'
[0.161s] Level 1:colcon.colcon_core.shell:create_environment_hook('fsm_listener', 'ament_prefix_path')
[0.163s] INFO:colcon.colcon_core.plugin_system:Skipping extension 'colcon_core.shell.bat': Not used on non-Windows systems
[0.163s] INFO:colcon.colcon_core.shell:Creating environment descriptor '/home/logan/ros2_ws/src/install/fsm_listener/share/fsm_listener/hook/ament_prefix_path.dsv'
[0.163s] INFO:colcon.colcon_core.shell:Creating environment hook '/home/logan/ros2_ws/src/install/fsm_listener/share/fsm_listener/hook/ament_prefix_path.sh'
[0.164s] DEBUG:colcon.colcon_core.shell:Skip shell extension 'dsv' for command environment
[0.167s] INFO:colcon.colcon_ros.task.ament_python.build:Building ROS package in '/home/logan/ros2_ws/src/fsm_talker' with build type 'ament_python'
[0.167s] Level 1:colcon.colcon_core.shell:create_environment_hook('fsm_talker', 'ament_prefix_path')
[0.167s] INFO:colcon.colcon_core.shell:Creating environment descriptor '/home/logan/ros2_ws/src/install/fsm_talker/share/fsm_talker/hook/ament_prefix_path.dsv'
[0.168s] INFO:colcon.colcon_core.shell:Creating environment hook '/home/logan/ros2_ws/src/install/fsm_talker/share/fsm_talker/hook/ament_prefix_path.sh'
[0.168s] DEBUG:colcon.colcon_core.shell:Skip shell extension 'dsv' for command environment
[0.292s] INFO:colcon.colcon_core.task.python.build:Building Python package in '/home/logan/ros2_ws/src/fsm_listener'
[0.293s] DEBUG:colcon.colcon_core.shell:Skip shell extension 'dsv' for command environment
[0.408s] INFO:colcon.colcon_core.task.python.build:Building Python package in '/home/logan/ros2_ws/src/fsm_talker'
[0.408s] DEBUG:colcon.colcon_core.shell:Skip shell extension 'dsv' for command environment
[0.716s] DEBUG:colcon.colcon_core.event_handler.log_command:Invoking command in '/home/logan/ros2_ws/src/fsm_listener': DEBUGINFOD_URLS=https://debuginfod.ubuntu.com PYTHONPATH=/home/logan/ros2_ws/src/build/fsm_listener/prefix_override:/usr/lib/python3/dist-packages/colcon_core/task/python/colcon_distutils_commands:/home/logan/ros2_ws/src/install/fsm_listener/lib/python3.12/site-packages:${PYTHONPATH} /usr/bin/python3 -W ignore:setup.py install is deprecated -W ignore:easy_install command is deprecated setup.py egg_info --egg-base ../build/fsm_listener build --build-base /home/logan/ros2_ws/src/build/fsm_listener/build install --record /home/logan/ros2_ws/src/build/fsm_listener/install.log --single-version-externally-managed install_data
[0.731s] DEBUG:colcon.colcon_core.event_handler.log_command:Invoking command in '/home/logan/ros2_ws/src/fsm_talker': DEBUGINFOD_URLS=https://debuginfod.ubuntu.com PYTHONPATH=/home/logan/ros2_ws/src/build/fsm_talker/prefix_override:/usr/lib/python3/dist-packages/colcon_core/task/python/colcon_distutils_commands:/home/logan/ros2_ws/src/install/fsm_talker/lib/python3.12/site-packages:${PYTHONPATH} /usr/bin/python3 -W ignore:setup.py install is deprecated -W ignore:easy_install command is deprecated setup.py egg_info --egg-base ../build/fsm_talker build --build-base /home/logan/ros2_ws/src/build/fsm_talker/build install --record /home/logan/ros2_ws/src/build/fsm_talker/install.log --single-version-externally-managed install_data
[1.023s] DEBUG:colcon.colcon_core.event_handler.log_command:Invoked command in '/home/logan/ros2_ws/src/fsm_listener' returned '0': DEBUGINFOD_URLS=https://debuginfod.ubuntu.com PYTHONPATH=/home/logan/ros2_ws/src/build/fsm_listener/prefix_override:/usr/lib/python3/dist-packages/colcon_core/task/python/colcon_distutils_commands:/home/logan/ros2_ws/src/install/fsm_listener/lib/python3.12/site-packages:${PYTHONPATH} /usr/bin/python3 -W ignore:setup.py install is deprecated -W ignore:easy_install command is deprecated setup.py egg_info --egg-base ../build/fsm_listener build --build-base /home/logan/ros2_ws/src/build/fsm_listener/build install --record /home/logan/ros2_ws/src/build/fsm_listener/install.log --single-version-externally-managed install_data
[1.024s] Level 1:colcon.colcon_core.environment:checking '/home/logan/ros2_ws/src/install/fsm_listener' for CMake module files
[1.024s] Level 1:colcon.colcon_core.environment:checking '/home/logan/ros2_ws/src/install/fsm_listener' for CMake config files
[1.025s] Level 1:colcon.colcon_core.environment:checking '/home/logan/ros2_ws/src/install/fsm_listener/lib'
[1.025s] Level 1:colcon.colcon_core.environment:checking '/home/logan/ros2_ws/src/install/fsm_listener/bin'
[1.025s] Level 1:colcon.colcon_core.environment:checking '/home/logan/ros2_ws/src/install/fsm_listener/lib/pkgconfig/fsm_listener.pc'
[1.025s] Level 1:colcon.colcon_core.environment:checking '/home/logan/ros2_ws/src/install/fsm_listener/lib/python3.12/site-packages'
[1.025s] Level 1:colcon.colcon_core.shell:create_environment_hook('fsm_listener', 'pythonpath')
[1.025s] INFO:colcon.colcon_core.shell:Creating environment descriptor '/home/logan/ros2_ws/src/install/fsm_listener/share/fsm_listener/hook/pythonpath.dsv'
[1.026s] INFO:colcon.colcon_core.shell:Creating environment hook '/home/logan/ros2_ws/src/install/fsm_listener/share/fsm_listener/hook/pythonpath.sh'
[1.026s] Level 1:colcon.colcon_core.environment:checking '/home/logan/ros2_ws/src/install/fsm_listener/bin'
[1.026s] Level 1:colcon.colcon_core.environment:create_environment_scripts_only(fsm_listener)
[1.026s] INFO:colcon.colcon_core.shell:Creating package descriptor '/home/logan/ros2_ws/src/install/fsm_listener/share/fsm_listener/package.dsv'
[1.027s] INFO:colcon.colcon_core.shell:Creating package script '/home/logan/ros2_ws/src/install/fsm_listener/share/fsm_listener/package.sh'
[1.027s] INFO:colcon.colcon_core.shell:Creating package script '/home/logan/ros2_ws/src/install/fsm_listener/share/fsm_listener/package.bash'
[1.028s] INFO:colcon.colcon_core.shell:Creating package script '/home/logan/ros2_ws/src/install/fsm_listener/share/fsm_listener/package.zsh'
[1.028s] Level 1:colcon.colcon_core.environment:create_file_with_runtime_dependencies(/home/logan/ros2_ws/src/install/fsm_listener/share/colcon-core/packages/fsm_listener)
[1.037s] Level 1:colcon.colcon_core.environment:checking '/home/logan/ros2_ws/src/install/fsm_talker' for CMake module files
[1.037s] DEBUG:colcon.colcon_core.event_handler.log_command:Invoked command in '/home/logan/ros2_ws/src/fsm_talker' returned '0': DEBUGINFOD_URLS=https://debuginfod.ubuntu.com PYTHONPATH=/home/logan/ros2_ws/src/build/fsm_talker/prefix_override:/usr/lib/python3/dist-packages/colcon_core/task/python/colcon_distutils_commands:/home/logan/ros2_ws/src/install/fsm_talker/lib/python3.12/site-packages:${PYTHONPATH} /usr/bin/python3 -W ignore:setup.py install is deprecated -W ignore:easy_install command is deprecated setup.py egg_info --egg-base ../build/fsm_talker build --build-base /home/logan/ros2_ws/src/build/fsm_talker/build install --record /home/logan/ros2_ws/src/build/fsm_talker/install.log --single-version-externally-managed install_data
[1.038s] Level 1:colcon.colcon_core.environment:checking '/home/logan/ros2_ws/src/install/fsm_talker' for CMake config files
[1.038s] Level 1:colcon.colcon_core.environment:checking '/home/logan/ros2_ws/src/install/fsm_talker/lib'
[1.038s] Level 1:colcon.colcon_core.environment:checking '/home/logan/ros2_ws/src/install/fsm_talker/bin'
[1.038s] Level 1:colcon.colcon_core.environment:checking '/home/logan/ros2_ws/src/install/fsm_talker/lib/pkgconfig/fsm_talker.pc'
[1.038s] Level 1:colcon.colcon_core.environment:checking '/home/logan/ros2_ws/src/install/fsm_talker/lib/python3.12/site-packages'
[1.038s] Level 1:colcon.colcon_core.shell:create_environment_hook('fsm_talker', 'pythonpath')
[1.038s] INFO:colcon.colcon_core.shell:Creating environment descriptor '/home/logan/ros2_ws/src/install/fsm_talker/share/fsm_talker/hook/pythonpath.dsv'
[1.038s] INFO:colcon.colcon_core.shell:Creating environment hook '/home/logan/ros2_ws/src/install/fsm_talker/share/fsm_talker/hook/pythonpath.sh'
[1.039s] Level 1:colcon.colcon_core.environment:checking '/home/logan/ros2_ws/src/install/fsm_talker/bin'
[1.039s] Level 1:colcon.colcon_core.environment:create_environment_scripts_only(fsm_talker)
[1.039s] INFO:colcon.colcon_core.shell:Creating package descriptor '/home/logan/ros2_ws/src/install/fsm_talker/share/fsm_talker/package.dsv'
[1.039s] INFO:colcon.colcon_core.shell:Creating package script '/home/logan/ros2_ws/src/install/fsm_talker/share/fsm_talker/package.sh'
[1.040s] INFO:colcon.colcon_core.shell:Creating package script '/home/logan/ros2_ws/src/install/fsm_talker/share/fsm_talker/package.bash'
[1.040s] INFO:colcon.colcon_core.shell:Creating package script '/home/logan/ros2_ws/src/install/fsm_talker/share/fsm_talker/package.zsh'
[1.040s] Level 1:colcon.colcon_core.environment:create_file_with_runtime_dependencies(/home/logan/ros2_ws/src/install/fsm_talker/share/colcon-core/packages/fsm_talker)
[1.040s] DEBUG:colcon.colcon_parallel_executor.executor.parallel:closing loop
[1.041s] DEBUG:colcon.colcon_parallel_executor.executor.parallel:loop closed
[1.041s] DEBUG:colcon.colcon_parallel_executor.executor.parallel:run_until_complete finished with '0'
[1.041s] DEBUG:colcon.colcon_core.event_reactor:joining thread
[1.058s] INFO:colcon.colcon_core.plugin_system:Skipping extension 'colcon_notification.desktop_notification.notify_send': Could not find 'notify-send'
[1.059s] INFO:colcon.colcon_core.plugin_system:Skipping extension 'colcon_notification.desktop_notification.terminal_notifier': Not used on non-Darwin systems
[1.059s] INFO:colcon.colcon_core.plugin_system:Skipping extension 'colcon_notification.desktop_notification.win32': Not used on non-Windows systems
[1.059s] INFO:colcon.colcon_notification.desktop_notification:Sending desktop notification using 'notify2'
[1.060s] DEBUG:colcon.colcon_notification.desktop_notification.notify2:Failed to initialize notify2: org.freedesktop.DBus.Error.ServiceUnknown: The name org.freedesktop.Notifications was not provided by any .service files
[1.060s] DEBUG:colcon.colcon_core.event_reactor:joined thread
[1.060s] INFO:colcon.colcon_core.shell:Creating prefix script '/home/logan/ros2_ws/src/install/local_setup.sh'
[1.060s] INFO:colcon.colcon_core.shell:Creating prefix util module '/home/logan/ros2_ws/src/install/_local_setup_util_sh.py'
[1.061s] INFO:colcon.colcon_core.shell:Creating prefix chain script '/home/logan/ros2_ws/src/install/setup.sh'
[1.062s] INFO:colcon.colcon_core.shell:Creating prefix script '/home/logan/ros2_ws/src/install/local_setup.bash'
[1.062s] INFO:colcon.colcon_core.shell:Creating prefix chain script '/home/logan/ros2_ws/src/install/setup.bash'
[1.063s] INFO:colcon.colcon_core.shell:Creating prefix script '/home/logan/ros2_ws/src/install/local_setup.zsh'
[1.063s] INFO:colcon.colcon_core.shell:Creating prefix chain script '/home/logan/ros2_ws/src/install/setup.zsh'
