running egg_info
writing ../build/fsm_talker/fsm_talker.egg-info/PKG-INFO
writing dependency_links to ../build/fsm_talker/fsm_talker.egg-info/dependency_links.txt
writing entry points to ../build/fsm_talker/fsm_talker.egg-info/entry_points.txt
writing requirements to ../build/fsm_talker/fsm_talker.egg-info/requires.txt
writing top-level names to ../build/fsm_talker/fsm_talker.egg-info/top_level.txt
reading manifest file '../build/fsm_talker/fsm_talker.egg-info/SOURCES.txt'
writing manifest file '../build/fsm_talker/fsm_talker.egg-info/SOURCES.txt'
running build
running build_py
copying fsm_talker/fsm_talker.py -> /home/logan/ros2_ws/src/build/fsm_talker/build/lib/fsm_talker
running install
running install_lib
copying /home/logan/ros2_ws/src/build/fsm_talker/build/lib/fsm_talker/fsm_talker.py -> /home/logan/ros2_ws/src/install/fsm_talker/lib/python3.12/site-packages/fsm_talker
byte-compiling /home/logan/ros2_ws/src/install/fsm_talker/lib/python3.12/site-packages/fsm_talker/fsm_talker.py to fsm_talker.cpython-312.pyc
running install_data
running install_egg_info
removing '/home/logan/ros2_ws/src/install/fsm_talker/lib/python3.12/site-packages/fsm_talker-0.0.0-py3.12.egg-info' (and everything under it)
Copying ../build/fsm_talker/fsm_talker.egg-info to /home/logan/ros2_ws/src/install/fsm_talker/lib/python3.12/site-packages/fsm_talker-0.0.0-py3.12.egg-info
running install_scripts
Installing fsm_talker script to /home/logan/ros2_ws/src/install/fsm_talker/lib/fsm_talker
writing list of installed files to '/home/logan/ros2_ws/src/build/fsm_talker/install.log'
