[0.904s] Invoking command in '/home/logan/ros2_ws/src/fsm_talker': DEBUGINFOD_URLS=https://debuginfod.ubuntu.com PYTHONPATH=/home/logan/ros2_ws/src/build/fsm_talker/prefix_override:/usr/lib/python3/dist-packages/colcon_core/task/python/colcon_distutils_commands:/home/logan/ros2_ws/src/install/fsm_talker/lib/python3.12/site-packages:${PYTHONPATH} /usr/bin/python3 -W ignore:setup.py install is deprecated -W ignore:easy_install command is deprecated setup.py egg_info --egg-base ../build/fsm_talker build --build-base /home/logan/ros2_ws/src/build/fsm_talker/build install --record /home/logan/ros2_ws/src/build/fsm_talker/install.log --single-version-externally-managed install_data
[1.048s] running egg_info
[1.057s] writing ../build/fsm_talker/fsm_talker.egg-info/PKG-INFO
[1.058s] writing dependency_links to ../build/fsm_talker/fsm_talker.egg-info/dependency_links.txt
[1.058s] writing entry points to ../build/fsm_talker/fsm_talker.egg-info/entry_points.txt
[1.058s] writing requirements to ../build/fsm_talker/fsm_talker.egg-info/requires.txt
[1.058s] writing top-level names to ../build/fsm_talker/fsm_talker.egg-info/top_level.txt
[1.078s] reading manifest file '../build/fsm_talker/fsm_talker.egg-info/SOURCES.txt'
[1.079s] writing manifest file '../build/fsm_talker/fsm_talker.egg-info/SOURCES.txt'
[1.079s] running build
[1.079s] running build_py
[1.079s] copying fsm_talker/fsm_talker.py -> /home/logan/ros2_ws/src/build/fsm_talker/build/lib/fsm_talker
[1.080s] running install
[1.084s] running install_lib
[1.093s] copying /home/logan/ros2_ws/src/build/fsm_talker/build/lib/fsm_talker/fsm_talker.py -> /home/logan/ros2_ws/src/install/fsm_talker/lib/python3.12/site-packages/fsm_talker
[1.094s] byte-compiling /home/logan/ros2_ws/src/install/fsm_talker/lib/python3.12/site-packages/fsm_talker/fsm_talker.py to fsm_talker.cpython-312.pyc
[1.095s] running install_data
[1.095s] running install_egg_info
[1.106s] removing '/home/logan/ros2_ws/src/install/fsm_talker/lib/python3.12/site-packages/fsm_talker-0.0.0-py3.12.egg-info' (and everything under it)
[1.106s] Copying ../build/fsm_talker/fsm_talker.egg-info to /home/logan/ros2_ws/src/install/fsm_talker/lib/python3.12/site-packages/fsm_talker-0.0.0-py3.12.egg-info
[1.107s] running install_scripts
[1.179s] Installing fsm_talker script to /home/logan/ros2_ws/src/install/fsm_talker/lib/fsm_talker
[1.180s] writing list of installed files to '/home/logan/ros2_ws/src/build/fsm_talker/install.log'
[1.209s] Invoked command in '/home/logan/ros2_ws/src/fsm_talker' returned '0': DEBUGINFOD_URLS=https://debuginfod.ubuntu.com PYTHONPATH=/home/logan/ros2_ws/src/build/fsm_talker/prefix_override:/usr/lib/python3/dist-packages/colcon_core/task/python/colcon_distutils_commands:/home/logan/ros2_ws/src/install/fsm_talker/lib/python3.12/site-packages:${PYTHONPATH} /usr/bin/python3 -W ignore:setup.py install is deprecated -W ignore:easy_install command is deprecated setup.py egg_info --egg-base ../build/fsm_talker build --build-base /home/logan/ros2_ws/src/build/fsm_talker/build install --record /home/logan/ros2_ws/src/build/fsm_talker/install.log --single-version-externally-managed install_data
