running egg_info
creating ../build/fsm_talker/fsm_talker.egg-info
writing ../build/fsm_talker/fsm_talker.egg-info/PKG-INFO
writing dependency_links to ../build/fsm_talker/fsm_talker.egg-info/dependency_links.txt
writing entry points to ../build/fsm_talker/fsm_talker.egg-info/entry_points.txt
writing requirements to ../build/fsm_talker/fsm_talker.egg-info/requires.txt
writing top-level names to ../build/fsm_talker/fsm_talker.egg-info/top_level.txt
writing manifest file '../build/fsm_talker/fsm_talker.egg-info/SOURCES.txt'
reading manifest file '../build/fsm_talker/fsm_talker.egg-info/SOURCES.txt'
writing manifest file '../build/fsm_talker/fsm_talker.egg-info/SOURCES.txt'
running build
running build_py
creating /home/logan/ros2_ws/src/build/fsm_talker/build
creating /home/logan/ros2_ws/src/build/fsm_talker/build/lib
creating /home/logan/ros2_ws/src/build/fsm_talker/build/lib/fsm_talker
copying fsm_talker/__init__.py -> /home/logan/ros2_ws/src/build/fsm_talker/build/lib/fsm_talker
copying fsm_talker/fsm_talker.py -> /home/logan/ros2_ws/src/build/fsm_talker/build/lib/fsm_talker
running install
running install_lib
creating /home/logan/ros2_ws/src/install/fsm_talker/lib/python3.12/site-packages/fsm_talker
copying /home/logan/ros2_ws/src/build/fsm_talker/build/lib/fsm_talker/__init__.py -> /home/logan/ros2_ws/src/install/fsm_talker/lib/python3.12/site-packages/fsm_talker
copying /home/logan/ros2_ws/src/build/fsm_talker/build/lib/fsm_talker/fsm_talker.py -> /home/logan/ros2_ws/src/install/fsm_talker/lib/python3.12/site-packages/fsm_talker
byte-compiling /home/logan/ros2_ws/src/install/fsm_talker/lib/python3.12/site-packages/fsm_talker/__init__.py to __init__.cpython-312.pyc
byte-compiling /home/logan/ros2_ws/src/install/fsm_talker/lib/python3.12/site-packages/fsm_talker/fsm_talker.py to fsm_talker.cpython-312.pyc
running install_data
creating /home/logan/ros2_ws/src/install/fsm_talker/share/ament_index
creating /home/logan/ros2_ws/src/install/fsm_talker/share/ament_index/resource_index
creating /home/logan/ros2_ws/src/install/fsm_talker/share/ament_index/resource_index/packages
copying resource/fsm_talker -> /home/logan/ros2_ws/src/install/fsm_talker/share/ament_index/resource_index/packages
copying package.xml -> /home/logan/ros2_ws/src/install/fsm_talker/share/fsm_talker
running install_egg_info
Copying ../build/fsm_talker/fsm_talker.egg-info to /home/logan/ros2_ws/src/install/fsm_talker/lib/python3.12/site-packages/fsm_talker-0.0.0-py3.12.egg-info
running install_scripts
Installing fsm_talker script to /home/logan/ros2_ws/src/install/fsm_talker/lib/fsm_talker
writing list of installed files to '/home/logan/ros2_ws/src/build/fsm_talker/install.log'
