[0.780s] Invoking command in '/home/logan/ros2_ws/src/fsm_talker': DEBUGINFOD_URLS=https://debuginfod.ubuntu.com PYTHONPATH=/home/logan/ros2_ws/src/build/fsm_talker/prefix_override:/usr/lib/python3/dist-packages/colcon_core/task/python/colcon_distutils_commands:/home/logan/ros2_ws/src/install/fsm_talker/lib/python3.12/site-packages:${PYTHONPATH} /usr/bin/python3 -W ignore:setup.py install is deprecated -W ignore:easy_install command is deprecated setup.py egg_info --egg-base ../build/fsm_talker build --build-base /home/logan/ros2_ws/src/build/fsm_talker/build install --record /home/logan/ros2_ws/src/build/fsm_talker/install.log --single-version-externally-managed install_data
[0.932s] running egg_info
[0.932s] creating ../build/fsm_talker/fsm_talker.egg-info
[0.942s] writing ../build/fsm_talker/fsm_talker.egg-info/PKG-INFO
[0.942s] writing dependency_links to ../build/fsm_talker/fsm_talker.egg-info/dependency_links.txt
[0.942s] writing entry points to ../build/fsm_talker/fsm_talker.egg-info/entry_points.txt
[0.942s] writing requirements to ../build/fsm_talker/fsm_talker.egg-info/requires.txt
[0.942s] writing top-level names to ../build/fsm_talker/fsm_talker.egg-info/top_level.txt
[0.942s] writing manifest file '../build/fsm_talker/fsm_talker.egg-info/SOURCES.txt'
[0.961s] reading manifest file '../build/fsm_talker/fsm_talker.egg-info/SOURCES.txt'
[0.962s] writing manifest file '../build/fsm_talker/fsm_talker.egg-info/SOURCES.txt'
[0.962s] running build
[0.962s] running build_py
[0.962s] creating /home/logan/ros2_ws/src/build/fsm_talker/build
[0.962s] creating /home/logan/ros2_ws/src/build/fsm_talker/build/lib
[0.962s] creating /home/logan/ros2_ws/src/build/fsm_talker/build/lib/fsm_talker
[0.962s] copying fsm_talker/__init__.py -> /home/logan/ros2_ws/src/build/fsm_talker/build/lib/fsm_talker
[0.962s] copying fsm_talker/fsm_talker.py -> /home/logan/ros2_ws/src/build/fsm_talker/build/lib/fsm_talker
[0.964s] running install
[0.967s] running install_lib
[0.977s] creating /home/logan/ros2_ws/src/install/fsm_talker/lib/python3.12/site-packages/fsm_talker
[0.977s] copying /home/logan/ros2_ws/src/build/fsm_talker/build/lib/fsm_talker/__init__.py -> /home/logan/ros2_ws/src/install/fsm_talker/lib/python3.12/site-packages/fsm_talker
[0.977s] copying /home/logan/ros2_ws/src/build/fsm_talker/build/lib/fsm_talker/fsm_talker.py -> /home/logan/ros2_ws/src/install/fsm_talker/lib/python3.12/site-packages/fsm_talker
[0.977s] byte-compiling /home/logan/ros2_ws/src/install/fsm_talker/lib/python3.12/site-packages/fsm_talker/__init__.py to __init__.cpython-312.pyc
[0.978s] byte-compiling /home/logan/ros2_ws/src/install/fsm_talker/lib/python3.12/site-packages/fsm_talker/fsm_talker.py to fsm_talker.cpython-312.pyc
[0.978s] running install_data
[0.978s] creating /home/logan/ros2_ws/src/install/fsm_talker/share/ament_index
[0.978s] creating /home/logan/ros2_ws/src/install/fsm_talker/share/ament_index/resource_index
[0.978s] creating /home/logan/ros2_ws/src/install/fsm_talker/share/ament_index/resource_index/packages
[0.979s] copying resource/fsm_talker -> /home/logan/ros2_ws/src/install/fsm_talker/share/ament_index/resource_index/packages
[0.979s] copying package.xml -> /home/logan/ros2_ws/src/install/fsm_talker/share/fsm_talker
[0.979s] running install_egg_info
[0.989s] Copying ../build/fsm_talker/fsm_talker.egg-info to /home/logan/ros2_ws/src/install/fsm_talker/lib/python3.12/site-packages/fsm_talker-0.0.0-py3.12.egg-info
[0.989s] running install_scripts
[1.059s] Installing fsm_talker script to /home/logan/ros2_ws/src/install/fsm_talker/lib/fsm_talker
[1.059s] writing list of installed files to '/home/logan/ros2_ws/src/build/fsm_talker/install.log'
[1.080s] Invoked command in '/home/logan/ros2_ws/src/fsm_talker' returned '0': DEBUGINFOD_URLS=https://debuginfod.ubuntu.com PYTHONPATH=/home/logan/ros2_ws/src/build/fsm_talker/prefix_override:/usr/lib/python3/dist-packages/colcon_core/task/python/colcon_distutils_commands:/home/logan/ros2_ws/src/install/fsm_talker/lib/python3.12/site-packages:${PYTHONPATH} /usr/bin/python3 -W ignore:setup.py install is deprecated -W ignore:easy_install command is deprecated setup.py egg_info --egg-base ../build/fsm_talker build --build-base /home/logan/ros2_ws/src/build/fsm_talker/build install --record /home/logan/ros2_ws/src/build/fsm_talker/install.log --single-version-externally-managed install_data
