[0.553s] Invoking command in '/home/logan/ros2_ws/src/fsm_listener': DEBUGINFOD_URLS=https://debuginfod.ubuntu.com PYTHONPATH=/home/logan/ros2_ws/src/build/fsm_listener/prefix_override:/usr/lib/python3/dist-packages/colcon_core/task/python/colcon_distutils_commands:/home/logan/ros2_ws/src/install/fsm_listener/lib/python3.12/site-packages:${PYTHONPATH} /usr/bin/python3 -W ignore:setup.py install is deprecated -W ignore:easy_install command is deprecated setup.py egg_info --egg-base ../build/fsm_listener build --build-base /home/logan/ros2_ws/src/build/fsm_listener/build install --record /home/logan/ros2_ws/src/build/fsm_listener/install.log --single-version-externally-managed install_data
[0.714s] running egg_info
[0.723s] writing ../build/fsm_listener/fsm_listener.egg-info/PKG-INFO
[0.723s] writing dependency_links to ../build/fsm_listener/fsm_listener.egg-info/dependency_links.txt
[0.723s] writing entry points to ../build/fsm_listener/fsm_listener.egg-info/entry_points.txt
[0.723s] writing requirements to ../build/fsm_listener/fsm_listener.egg-info/requires.txt
[0.724s] writing top-level names to ../build/fsm_listener/fsm_listener.egg-info/top_level.txt
[0.747s] reading manifest file '../build/fsm_listener/fsm_listener.egg-info/SOURCES.txt'
[0.747s] writing manifest file '../build/fsm_listener/fsm_listener.egg-info/SOURCES.txt'
[0.748s] running build
[0.748s] running build_py
[0.748s] running install
[0.752s] running install_lib
[0.763s] running install_data
[0.763s] running install_egg_info
[0.773s] removing '/home/logan/ros2_ws/src/install/fsm_listener/lib/python3.12/site-packages/fsm_listener-0.0.0-py3.12.egg-info' (and everything under it)
[0.773s] Copying ../build/fsm_listener/fsm_listener.egg-info to /home/logan/ros2_ws/src/install/fsm_listener/lib/python3.12/site-packages/fsm_listener-0.0.0-py3.12.egg-info
[0.774s] running install_scripts
[0.844s] Installing fsm_listener script to /home/logan/ros2_ws/src/install/fsm_listener/lib/fsm_listener
[0.844s] writing list of installed files to '/home/logan/ros2_ws/src/build/fsm_listener/install.log'
[0.861s] Invoked command in '/home/logan/ros2_ws/src/fsm_listener' returned '0': DEBUGINFOD_URLS=https://debuginfod.ubuntu.com PYTHONPATH=/home/logan/ros2_ws/src/build/fsm_listener/prefix_override:/usr/lib/python3/dist-packages/colcon_core/task/python/colcon_distutils_commands:/home/logan/ros2_ws/src/install/fsm_listener/lib/python3.12/site-packages:${PYTHONPATH} /usr/bin/python3 -W ignore:setup.py install is deprecated -W ignore:easy_install command is deprecated setup.py egg_info --egg-base ../build/fsm_listener build --build-base /home/logan/ros2_ws/src/build/fsm_listener/build install --record /home/logan/ros2_ws/src/build/fsm_listener/install.log --single-version-externally-managed install_data
